Organism	Rel_abundance	Pipeline
Lactobacillus_fermentum	0.184	Expected
Bacillus_subtilis_variant_1	0.1566	Expected
Staphylococcus_aureus	0.155	Expected
Listeria_monocytogenes	0.141	Expected
Escherichia_coli	0.101	Expected
Enterococcus_faecalis	0.099	Expected
Salmonella_enterica_variant_2	0.08914285714	Expected
Pseudomonas_aeruginosa	0.042	Expected
Bacillus_subtilis_variant_5	0.0174	Expected
Salmonella_enterica_variant_1	0.01485714286	Expected
